[36mvite v5.4.21 [32mbuilding for production...[36m[39m
transforming...
[32m✓[39m 1 modules transformed.
[31mx[39m Build failed in 62ms
[31merror during build:
[31m[vite-plugin-pwa:build] [plugin vite-plugin-pwa:build] index.html?html-proxy&inline-css&index=0.css (undefined:NaN): There was an error during the build:
  [postcss] It looks like you're trying to use `tailwindcss` directly as a PostCSS plugin. The PostCSS plugin has moved to a separate package, so to continue using Tailwind CSS with PostCSS you'll need to install `@tailwindcss/postcss` and update your PostCSS configuration.
Additionally, handling the error in the 'buildEnd' hook caused the following error:
  [postcss] It looks like you're trying to use `tailwindcss` directly as a PostCSS plugin. The PostCSS plugin has moved to a separate package, so to continue using Tailwind CSS with PostCSS you'll need to install `@tailwindcss/postcss` and update your PostCSS configuration.[31m
file: [36mC:/work/bella/appliction/moblie app/day book/index.html?html-proxy&inline-css&index=0.css:undefined:NaN[31m
    at getRollupError (file:///C:/work/bella/appliction/moblie%20app/day%20book/node_modules/rollup/dist/es/shared/parseAst.js:401:41)
    at file:///C:/work/bella/appliction/moblie%20app/day%20book/node_modules/rollup/dist/es/shared/node-entry.js:23347:39
    at async catchUnfinishedHookActions (file:///C:/work/bella/appliction/moblie%20app/day%20book/node_modules/rollup/dist/es/shared/node-entry.js:22805:16)
    at async rollupInternal (file:///C:/work/bella/appliction/moblie%20app/day%20book/node_modules/rollup/dist/es/shared/node-entry.js:23330:5)
    at async build (file:///C:/work/bella/appliction/moblie%20app/day%20book/node_modules/vite/dist/node/chunks/dep-BK3b2jBa.js:65709:14)
    at async CAC.<anonymous> (file:///C:/work/bella/appliction/moblie%20app/day%20book/node_modules/vite/dist/node/cli.js:829:5)[39m
